# The commit from which the commit-message rules take effect in this repository.
#
# The gate was adopted here on 2026-07-29, after the messages behind this point
# were already written and pushed. Four of them run between seven and ten
# characters over the subject limit. Linting them reports history that predates
# the rule as though it were a finding, which is not one.
#
# This is not an allowlist and it does not grow. It names the point of
# adoption. Every commit after it is checked, and the run prints the baseline it
# used so the scope is visible rather than assumed.
01d18339001e8608430c044a575b7711ecb9630a
